{
  "tag": "Module",
  "span": "test/parse/empty.as:1:1-1",
  "statements": []
}
