{
  "tag": "Module",
  "span": "test/parse/identifier.as:1-4",
  "statements": [
    {
      "tag": "Identifier",
      "span": "test/parse/identifier.as:1:1-8",
      "text": "tuesday"
    },
    {
      "tag": "Identifier",
      "span": "test/parse/identifier.as:2:1-8",
      "text": "pancake"
    },
    {
      "tag": "Identifier",
      "span": "test/parse/identifier.as:3:1-8",
      "text": "main_30"
    },
    {
      "tag": "Identifier",
      "span": "test/parse/identifier.as:4:1-10",
      "text": "__hello__"
    }
  ]
}
