{
  "tag": "Module",
  "span": "test/parse/import.as:1-4",
  "statements": [
    {
      "tag": "Import",
      "span": "test/parse/import.as:1:1-12",
      "source": "os",
      "alias": ""
    },
    {
      "tag": "Import",
      "span": "test/parse/import.as:2:1-13",
      "source": "std",
      "alias": ""
    },
    {
      "tag": "Import",
      "span": "test/parse/import.as:3:1-32",
      "source": "@mehcode/some_cool_lib",
      "alias": ""
    },
    {
      "tag": "Import",
      "span": "test/parse/import.as:4:1-24",
      "source": "R*@ !) F",
      "alias": "ra"
    }
  ]
}
