{
  "tag": "Module",
  "span": "test/parse/name.as:1-12",
  "statements": [
    {
      "tag": "Identifier",
      "span": "test/parse/name.as:2:1-8",
      "text": "tuesday"
    },
    {
      "tag": "Identifier",
      "span": "test/parse/name.as:3:1-8",
      "text": "pancake"
    },
    {
      "tag": "Identifier",
      "span": "test/parse/name.as:4:1-8",
      "text": "main_30"
    },
    {
      "tag": "Identifier",
      "span": "test/parse/name.as:5:1-10",
      "text": "__hello__"
    },
    {
      "tag": "Identifier",
      "span": "test/parse/name.as:8:1-15",
      "text": "pancake"
    },
    {
      "tag": "Identifier",
      "span": "test/parse/name.as:9:1-10",
      "text": "pancake"
    },
    {
      "tag": "Identifier",
      "span": "test/parse/name.as:10:1-23",
      "text": "pancake"
    },
    {
      "tag": "Identifier",
      "span": "test/parse/name.as:11:1-21",
      "text": "pancake"
    },
    {
      "tag": "Identifier",
      "span": "test/parse/name.as:12:1-53",
      "text": "pancake"
    }
  ]
}
