{
  "tag": "Module",
  "span": "test/parse/preprocessor.as:1-4",
  "statements": [
    {
      "tag": "CInclude",
      "span": "test/parse/preprocessor.as:3:1-20",
      "source": "stdlib.h"
    },
    {
      "tag": "CInclude",
      "span": "test/parse/preprocessor.as:4:1-22",
      "source": "SDL2/SDL.h"
    }
  ]
}
