{
  "tag": "Module",
  "span": "test/parse/semicolon.as:1:1",
  "statements": []
}
